Already up to date
Done in 594ms using pnpm v11.13.1
$ vitepress build

  vitepress v1.6.4

- building client + server bundles...

The language 'raqeem' is not loaded, falling back to 'txt' for syntax highlighting.

The language 'raqeem' is not loaded, falling back to 'txt' for syntax highlighting.


(!) Found dead link ./milestones/index in file hisn/index.md
(!) Found dead link ./milestones/index in file hisn/index.md

If this is expected, you can disable this check via config. Refer: https://vitepress.dev/reference/site-config#ignoredeadlinks

x Build failed in 3.24s
[31m✖[0m building client + server bundles...
build error:
[vitepress] 2 dead link(s) found.
[vitepress] 2 dead link(s) found.
    at Object.renderStart (file:///home/ameen/Desktop/rvlb/website/docs/node_modules/.pnpm/vitepress@1.6.4_@algolia+client-search@5.56.0_postcss@8.5.19_search-insights@2.17.3/node_modules/vitepress/dist/node/chunk-D3CUZ4fa.js:45027:15)
    at file:///home/ameen/Desktop/rvlb/website/docs/node_modules/.pnpm/rollup@4.62.2/node_modules/rollup/dist/es/shared/node-entry.js:23026:40
    at async Promise.all (index 0)
    at async PluginDriver.hookParallel (file:///home/ameen/Desktop/rvlb/website/docs/node_modules/.pnpm/rollup@4.62.2/node_modules/rollup/dist/es/shared/node-entry.js:22936:9)
    at async Bundle.generate (file:///home/ameen/Desktop/rvlb/website/docs/node_modules/.pnpm/rollup@4.62.2/node_modules/rollup/dist/es/shared/node-entry.js:21060:13)
    at async file:///home/ameen/Desktop/rvlb/website/docs/node_modules/.pnpm/rollup@4.62.2/node_modules/rollup/dist/es/shared/node-entry.js:24015:27
    at async catchUnfinishedHookActions (file:///home/ameen/Desktop/rvlb/website/docs/node_modules/.pnpm/rollup@4.62.2/node_modules/rollup/dist/es/shared/node-entry.js:23380:16)
[ELIFECYCLE] Command failed with exit code 1.
